// Jest Snapshot v1, https://goo.gl/fbAQLP

exports[`Pruebas en <GiftExpertApp></GiftExpertApp> debe mostart <GiftGridItem></GiftGridItem> Correctamente  1`] = `
<div
  className="card animate__animated animate__pulse"
>
  <img
    alt="Un title"
    src="https://localhost/algo.jpg"
  />
  <p>
    Un title
  </p>
</div>
`;
